// Vitest Snapshot v1, https://vitest.dev/guide/snapshot.html

exports[`matches snapshot 1`] = `
<DocumentFragment>
  <div>
    <input
      placeholder="Email"
    />
    <input
      placeholder="Password"
      type="password"
    />
    <button>
      Login
    </button>
  </div>
</DocumentFragment>
`;
